Hello from MCP test!
This file was created by the local agent.